---
source: gd/src/pager/tests/reducer.rs
expression: "StateSnapshot::from(&state)"
---
StateSnapshot {
    cursor_line: 2,
    top_line: 0,
    active_file: None,
    tree_visible: false,
    visual_anchor: None,
    tooltip_visible: false,
    mode: Normal,
    status_message: "",
    full_context: false,
}
