---
source: gd/src/pager/tests/reducer.rs
expression: "StateSnapshot::from(&state)"
---
StateSnapshot {
    cursor_line: 89,
    top_line: 50,
    active_file: None,
    tree_visible: true,
    tree_focused: false,
    tree_cursor: 2,
    mode: Normal,
    status_message: "",
    full_context: false,
    visual_anchor: 0,
}
