---
source: gd/src/pager/tests/reducer.rs
expression: "StateSnapshot::from(&state)"
---
StateSnapshot {
    cursor_line: 89,
    top_line: 50,
    active_file: None,
    tree_visible: false,
    mark_line: None,
    tooltip_visible: false,
    mode: Normal,
    status_message: "",
    full_context: false,
}
