---
source: gd/src/pager/tests/reducer.rs
assertion_line: 545
expression: "StateSnapshot::from(&state)"
---
StateSnapshot {
    cursor_line: 0,
    top_line: 0,
    active_file: Some(
        0,
    ),
    tree_visible: false,
    visual_anchor: None,
    tooltip_visible: false,
    mode: Normal,
    status_message: "Single file",
    full_context: false,
}
