---
source: gd/src/pager/tests/reducer.rs
expression: "StateSnapshot::from(&state)"
---
StateSnapshot {
    cursor_line: 1,
    top_line: 0,
    active_file: None,
    tree_visible: false,
    mark_line: None,
    tooltip_visible: false,
    mode: Normal,
    status_message: "File 1/3 · a.rs",
    full_context: false,
}
