---
source: gd/src/pager.rs
expression: "StateSnapshot::from(&state)"
---
StateSnapshot {
    cursor_line: 6,
    top_line: 0,
    active_file: Some(
        0,
    ),
    tree_visible: true,
    tree_focused: false,
    tree_cursor: 0,
    mode: Normal,
    status_message: "Hunk 1/2 · a.rs",
    full_context: false,
    visual_anchor: 0,
}
