---
source: gd/src/pager.rs
expression: "StateSnapshot::from(&state)"
---
StateSnapshot {
    cursor_line: 61,
    top_line: 60,
    active_file: Some(
        2,
    ),
    tree_visible: true,
    tree_focused: false,
    tree_cursor: 2,
    mode: Normal,
    status_message: "File 1/1 · c.rs",
    full_context: false,
    visual_anchor: 0,
}
